<html>
<body>
<pre>
<h1>µVision Build Log</h1>
<h2>Tool Versions:</h2>
IDE-Version: ¦ÌVision V5.24.2.0
Copyright (C) 2017 ARM Ltd and ARM Germany GmbH. All rights reserved.
License Information: 111 969503162@qq.com, 111, LIC=CZLZX-H0LDJ-2Z0W4-FMPYG-2YWSY-6BVVV
 
Tool Versions:
Toolchain:       MDK-ARM Plus  Version: 5.24.1
Toolchain Path:  D:\keil5\ARM\ARMCC\Bin
C Compiler:      Armcc.exe V5.06 update 5 (build 528)
Assembler:       Armasm.exe V5.06 update 5 (build 528)
Linker/Locator:  ArmLink.exe V5.06 update 5 (build 528)
Library Manager: ArmAr.exe V5.06 update 5 (build 528)
Hex Converter:   FromElf.exe V5.06 update 5 (build 528)
CPU DLL:         SARMCM3.DLL V5.24.1
Dialog DLL:      DCM.DLL V1.16.0.0
Target DLL:      STLink\ST-LINKIII-KEIL_SWO.dll V3.0.1.0
Dialog DLL:      TCM.DLL V1.32.0.0
 
<h2>Project:</h2>
D:\Programming\study_record\Study_STM32\³¬Éù²¨²â¾à+·äÃùÆ÷+¹âÃô´«¸ÐÆ÷+LED\Project.uvprojx
Project File Date:  12/01/2023

<h2>Output:</h2>
*** Using Compiler 'V5.06 update 5 (build 528)', folder: 'D:\keil5\ARM\ARMCC\Bin'
Rebuild target 'Target 1'
compiling stm32f10x_dac.c...
compiling core_cm3.c...
compiling misc.c...
assembling startup_stm32f10x_md.s...
compiling stm32f10x_bkp.c...
compiling stm32f10x_cec.c...
compiling stm32f10x_exti.c...
compiling stm32f10x_dbgmcu.c...
compiling stm32f10x_crc.c...
compiling system_stm32f10x.c...
compiling stm32f10x_can.c...
compiling stm32f10x_dma.c...
compiling stm32f10x_adc.c...
compiling stm32f10x_fsmc.c...
compiling stm32f10x_flash.c...
compiling stm32f10x_i2c.c...
compiling stm32f10x_gpio.c...
compiling stm32f10x_iwdg.c...
compiling stm32f10x_pwr.c...
compiling stm32f10x_rtc.c...
compiling stm32f10x_rcc.c...
compiling stm32f10x_spi.c...
compiling stm32f10x_sdio.c...
compiling stm32f10x_wwdg.c...
compiling stm32f10x_usart.c...
compiling HCSR04.c...
Hardware\HCSR04.c(26): warning:  #188-D: enumerated type mixed with another type
  	GPIO_WriteBit(
PIOB,
PIO_Pin_5,0);						//è¾“å‡ºä½Žç”µå¹?
Hardware\HCSR04.c(33): warning:  #188-D: enumerated type mixed with another type
  	GPIO_WriteBit(
PIOB,
rig,1);						//è¾“å‡ºé«˜ç”µå¹?
Hardware\HCSR04.c(35): warning:  #188-D: enumerated type mixed with another type
  	GPIO_WriteBit(
PIOB,
rig,0);						//è¾“å‡ºä½Žç”µå¹?
Hardware\HCSR04.c(52): warning:  #188-D: enumerated type mixed with another type
  	GPIO_WriteBit(
PIOB,
rig,1);					//è¾“å‡ºé«˜ç”µå¹?
Hardware\HCSR04.c(54): warning:  #188-D: enumerated type mixed with another type
  	GPIO_WriteBit(
PIOB,
rig,0);					//è¾“å‡ºä½Žç”µå¹?
Hardware\HCSR04.c: 5 warnings, 0 errors
compiling OLED.c...
compiling stm32f10x_tim.c...
compiling beep.c...
compiling Key.c...
compiling LED.c...
compiling LightSensor.c...
compiling DHT11.c...
compiling Delay.c...
compiling Timer.c...
compiling stm32f10x_it.c...
compiling main.c...
.\Hardware\beep.h(7): warning:  #1-D: last line of file ends without a newline
  #endif
User\main.c: 1 warning, 0 errors
linking...
Program Size: Code=4428 RO-data=1788 RW-data=20 ZI-data=1636  
".\Objects\Project.axf" - 0 Error(s), 6 Warning(s).

<h2>Software Packages used:</h2>

Package Vendor: Keil
                http://www.keil.com/pack/Keil.STM32F1xx_DFP.2.2.0.pack
                Keil.STM32F1xx_DFP.2.2.0
                STMicroelectronics STM32F1 Series Device Support, Drivers and Examples

<h2>Collection of Component include folders:</h2>
  .\RTE\_Target_1
  D:\keil5\ARM\PACK\Keil\STM32F1xx_DFP\2.2.0\Device\Include

<h2>Collection of Component Files used:</h2>
Build Time Elapsed:  00:00:02
</pre>
</body>
</html>
